Archive member included to satisfy reference by file (symbol)

c:/st/stm32cubeide_1.12.1/stm32cubeide/plugins/com.st.stm32cube.ide.mcu.externaltools.gnu-tools-for-stm32.10.3-2021.10.win32_1.0.200.202301161003/tools/bin/../lib/gcc/arm-none-eabi/10.3.1/../../../../arm-none-eabi/lib/thumb/v7-m/nofp\libc_nano.a(lib_a-errno.o)
                              ./Core/Src/syscalls.o (__errno)
c:/st/stm32cubeide_1.12.1/stm32cubeide/plugins/com.st.stm32cube.ide.mcu.externaltools.gnu-tools-for-stm32.10.3-2021.10.win32_1.0.200.202301161003/tools/bin/../lib/gcc/arm-none-eabi/10.3.1/../../../../arm-none-eabi/lib/thumb/v7-m/nofp\libc_nano.a(lib_a-exit.o)
                              c:/st/stm32cubeide_1.12.1/stm32cubeide/plugins/com.st.stm32cube.ide.mcu.externaltools.gnu-tools-for-stm32.10.3-2021.10.win32_1.0.200.202301161003/tools/bin/../lib/gcc/arm-none-eabi/10.3.1/../../../../arm-none-eabi/lib/thumb/v7-m/nofp/crt0.o (exit)
c:/st/stm32cubeide_1.12.1/stm32cubeide/plugins/com.st.stm32cube.ide.mcu.externaltools.gnu-tools-for-stm32.10.3-2021.10.win32_1.0.200.202301161003/tools/bin/../lib/gcc/arm-none-eabi/10.3.1/../../../../arm-none-eabi/lib/thumb/v7-m/nofp\libc_nano.a(lib_a-impure.o)
                              c:/st/stm32cubeide_1.12.1/stm32cubeide/plugins/com.st.stm32cube.ide.mcu.externaltools.gnu-tools-for-stm32.10.3-2021.10.win32_1.0.200.202301161003/tools/bin/../lib/gcc/arm-none-eabi/10.3.1/../../../../arm-none-eabi/lib/thumb/v7-m/nofp\libc_nano.a(lib_a-exit.o) (_global_impure_ptr)
c:/st/stm32cubeide_1.12.1/stm32cubeide/plugins/com.st.stm32cube.ide.mcu.externaltools.gnu-tools-for-stm32.10.3-2021.10.win32_1.0.200.202301161003/tools/bin/../lib/gcc/arm-none-eabi/10.3.1/../../../../arm-none-eabi/lib/thumb/v7-m/nofp\libc_nano.a(lib_a-init.o)
                              c:/st/stm32cubeide_1.12.1/stm32cubeide/plugins/com.st.stm32cube.ide.mcu.externaltools.gnu-tools-for-stm32.10.3-2021.10.win32_1.0.200.202301161003/tools/bin/../lib/gcc/arm-none-eabi/10.3.1/../../../../arm-none-eabi/lib/thumb/v7-m/nofp/crt0.o (__libc_init_array)
c:/st/stm32cubeide_1.12.1/stm32cubeide/plugins/com.st.stm32cube.ide.mcu.externaltools.gnu-tools-for-stm32.10.3-2021.10.win32_1.0.200.202301161003/tools/bin/../lib/gcc/arm-none-eabi/10.3.1/../../../../arm-none-eabi/lib/thumb/v7-m/nofp\libc_nano.a(lib_a-memset.o)
                              c:/st/stm32cubeide_1.12.1/stm32cubeide/plugins/com.st.stm32cube.ide.mcu.externaltools.gnu-tools-for-stm32.10.3-2021.10.win32_1.0.200.202301161003/tools/bin/../lib/gcc/arm-none-eabi/10.3.1/../../../../arm-none-eabi/lib/thumb/v7-m/nofp/crt0.o (memset)

Discarded input sections

 .text          0x0000000000000000        0x0 c:/st/stm32cubeide_1.12.1/stm32cubeide/plugins/com.st.stm32cube.ide.mcu.externaltools.gnu-tools-for-stm32.10.3-2021.10.win32_1.0.200.202301161003/tools/bin/../lib/gcc/arm-none-eabi/10.3.1/thumb/v7-m/nofp/crti.o
 .data          0x0000000000000000        0x0 c:/st/stm32cubeide_1.12.1/stm32cubeide/plugins/com.st.stm32cube.ide.mcu.externaltools.gnu-tools-for-stm32.10.3-2021.10.win32_1.0.200.202301161003/tools/bin/../lib/gcc/arm-none-eabi/10.3.1/thumb/v7-m/nofp/crti.o
 .bss           0x0000000000000000        0x0 c:/st/stm32cubeide_1.12.1/stm32cubeide/plugins/com.st.stm32cube.ide.mcu.externaltools.gnu-tools-for-stm32.10.3-2021.10.win32_1.0.200.202301161003/tools/bin/../lib/gcc/arm-none-eabi/10.3.1/thumb/v7-m/nofp/crti.o
 .data          0x0000000000000000        0x4 c:/st/stm32cubeide_1.12.1/stm32cubeide/plugins/com.st.stm32cube.ide.mcu.externaltools.gnu-tools-for-stm32.10.3-2021.10.win32_1.0.200.202301161003/tools/bin/../lib/gcc/arm-none-eabi/10.3.1/thumb/v7-m/nofp/crtbegin.o
 .rodata        0x0000000000000000       0x24 c:/st/stm32cubeide_1.12.1/stm32cubeide/plugins/com.st.stm32cube.ide.mcu.externaltools.gnu-tools-for-stm32.10.3-2021.10.win32_1.0.200.202301161003/tools/bin/../lib/gcc/arm-none-eabi/10.3.1/thumb/v7-m/nofp/crtbegin.o
 .text          0x0000000000000000       0x7c c:/st/stm32cubeide_1.12.1/stm32cubeide/plugins/com.st.stm32cube.ide.mcu.externaltools.gnu-tools-for-stm32.10.3-2021.10.win32_1.0.200.202301161003/tools/bin/../lib/gcc/arm-none-eabi/10.3.1/../../../../arm-none-eabi/lib/thumb/v7-m/nofp/crt0.o
 .data          0x0000000000000000        0x0 c:/st/stm32cubeide_1.12.1/stm32cubeide/plugins/com.st.stm32cube.ide.mcu.externaltools.gnu-tools-for-stm32.10.3-2021.10.win32_1.0.200.202301161003/tools/bin/../lib/gcc/arm-none-eabi/10.3.1/../../../../arm-none-eabi/lib/thumb/v7-m/nofp/crt0.o
 .bss           0x0000000000000000        0x0 c:/st/stm32cubeide_1.12.1/stm32cubeide/plugins/com.st.stm32cube.ide.mcu.externaltools.gnu-tools-for-stm32.10.3-2021.10.win32_1.0.200.202301161003/tools/bin/../lib/gcc/arm-none-eabi/10.3.1/../../../../arm-none-eabi/lib/thumb/v7-m/nofp/crt0.o
[...]
Memory Configuration

Name             Origin             Length             Attributes
RAM              0x0000000020000000 0x0000000000002800 xrw
FLASH            0x0000000008000000 0x0000000000008000 xr
*default*        0x0000000000000000 0xffffffffffffffff

Linker script and memory map

LOAD c:/st/stm32cubeide_1.12.1/stm32cubeide/plugins/com.st.stm32cube.ide.mcu.externaltools.gnu-tools-for-stm32.10.3-2021.10.win32_1.0.200.202301161003/tools/bin/../lib/gcc/arm-none-eabi/10.3.1/thumb/v7-m/nofp/crti.o
LOAD c:/st/stm32cubeide_1.12.1/stm32cubeide/plugins/com.st.stm32cube.ide.mcu.externaltools.gnu-tools-for-stm32.10.3-2021.10.win32_1.0.200.202301161003/tools/bin/../lib/gcc/arm-none-eabi/10.3.1/thumb/v7-m/nofp/crtbegin.o
LOAD c:/st/stm32cubeide_1.12.1/stm32cubeide/plugins/com.st.stm32cube.ide.mcu.externaltools.gnu-tools-for-stm32.10.3-2021.10.win32_1.0.200.202301161003/tools/bin/../lib/gcc/arm-none-eabi/10.3.1/../../../../arm-none-eabi/lib/thumb/v7-m/nofp/crt0.o
LOAD ./Core/Src/LED_control.o
LOAD ./Core/Src/button.o
LOAD ./Core/Src/fsm.o
LOAD ./Core/Src/main.o
LOAD ./Core/Src/stm32f1xx_hal_msp.o
LOAD ./Core/Src/stm32f1xx_it.o
LOAD ./Core/Src/syscalls.o
LOAD ./Core/Src/sysmem.o
LOAD ./Core/Src/system_stm32f1xx.o
LOAD ./Core/Src/timer.o
LOAD ./Core/Startup/startup_stm32f103c6ux.o
LOAD ./Drivers/STM32F1xx_HAL_Driver/Src/stm32f1xx_hal.o
LOAD ./Drivers/STM32F1xx_HAL_Driver/Src/stm32f1xx_hal_cortex.o
LOAD ./Drivers/STM32F1xx_HAL_Driver/Src/stm32f1xx_hal_dma.o
LOAD ./Drivers/STM32F1xx_HAL_Driver/Src/stm32f1xx_hal_exti.o
LOAD ./Drivers/STM32F1xx_HAL_Driver/Src/stm32f1xx_hal_flash.o
LOAD ./Drivers/STM32F1xx_HAL_Driver/Src/stm32f1xx_hal_flash_ex.o
LOAD ./Drivers/STM32F1xx_HAL_Driver/Src/stm32f1xx_hal_gpio.o
LOAD ./Drivers/STM32F1xx_HAL_Driver/Src/stm32f1xx_hal_gpio_ex.o
LOAD ./Drivers/STM32F1xx_HAL_Driver/Src/stm32f1xx_hal_pwr.o
LOAD ./Drivers/STM32F1xx_HAL_Driver/Src/stm32f1xx_hal_rcc.o
LOAD ./Drivers/STM32F1xx_HAL_Driver/Src/stm32f1xx_hal_rcc_ex.o
LOAD ./Drivers/STM32F1xx_HAL_Driver/Src/stm32f1xx_hal_tim.o
LOAD ./Drivers/STM32F1xx_HAL_Driver/Src/stm32f1xx_hal_tim_ex.o
START GROUP
LOAD c:/st/stm32cubeide_1.12.1/stm32cubeide/plugins/com.st.stm32cube.ide.mcu.externaltools.gnu-tools-for-stm32.10.3-2021.10.win32_1.0.200.202301161003/tools/bin/../lib/gcc/arm-none-eabi/10.3.1/../../../../arm-none-eabi/lib/thumb/v7-m/nofp\libc_nano.a
LOAD c:/st/stm32cubeide_1.12.1/stm32cubeide/plugins/com.st.stm32cube.ide.mcu.externaltools.gnu-tools-for-stm32.10.3-2021.10.win32_1.0.200.202301161003/tools/bin/../lib/gcc/arm-none-eabi/10.3.1/../../../../arm-none-eabi/lib/thumb/v7-m/nofp\libm.a
END GROUP
START GROUP
LOAD c:/st/stm32cubeide_1.12.1/stm32cubeide/plugins/com.st.stm32cube.ide.mcu.externaltools.gnu-tools-for-stm32.10.3-2021.10.win32_1.0.200.202301161003/tools/bin/../lib/gcc/arm-none-eabi/10.3.1/thumb/v7-m/nofp\libgcc.a
LOAD c:/st/stm32cubeide_1.12.1/stm32cubeide/plugins/com.st.stm32cube.ide.mcu.externaltools.gnu-tools-for-stm32.10.3-2021.10.win32_1.0.200.202301161003/tools/bin/../lib/gcc/arm-none-eabi/10.3.1/../../../../arm-none-eabi/lib/thumb/v7-m/nofp\libc_nano.a
END GROUP
START GROUP
LOAD c:/st/stm32cubeide_1.12.1/stm32cubeide/plugins/com.st.stm32cube.ide.mcu.externaltools.gnu-tools-for-stm32.10.3-2021.10.win32_1.0.200.202301161003/tools/bin/../lib/gcc/arm-none-eabi/10.3.1/thumb/v7-m/nofp\libgcc.a
LOAD c:/st/stm32cubeide_1.12.1/stm32cubeide/plugins/com.st.stm32cube.ide.mcu.externaltools.gnu-tools-for-stm32.10.3-2021.10.win32_1.0.200.202301161003/tools/bin/../lib/gcc/arm-none-eabi/10.3.1/../../../../arm-none-eabi/lib/thumb/v7-m/nofp\libc_nano.a
LOAD c:/st/stm32cubeide_1.12.1/stm32cubeide/plugins/com.st.stm32cube.ide.mcu.externaltools.gnu-tools-for-stm32.10.3-2021.10.win32_1.0.200.202301161003/tools/bin/../lib/gcc/arm-none-eabi/10.3.1/../../../../arm-none-eabi/lib/thumb/v7-m/nofp\libnosys.a
END GROUP
START GROUP
LOAD c:/st/stm32cubeide_1.12.1/stm32cubeide/plugins/com.st.stm32cube.ide.mcu.externaltools.gnu-tools-for-stm32.10.3-2021.10.win32_1.0.200.202301161003/tools/bin/../lib/gcc/arm-none-eabi/10.3.1/thumb/v7-m/nofp\libgcc.a
LOAD c:/st/stm32cubeide_1.12.1/stm32cubeide/plugins/com.st.stm32cube.ide.mcu.externaltools.gnu-tools-for-stm32.10.3-2021.10.win32_1.0.200.202301161003/tools/bin/../lib/gcc/arm-none-eabi/10.3.1/../../../../arm-none-eabi/lib/thumb/v7-m/nofp\libc_nano.a
LOAD c:/st/stm32cubeide_1.12.1/stm32cubeide/plugins/com.st.stm32cube.ide.mcu.externaltools.gnu-tools-for-stm32.10.3-2021.10.win32_1.0.200.202301161003/tools/bin/../lib/gcc/arm-none-eabi/10.3.1/../../../../arm-none-eabi/lib/thumb/v7-m/nofp\libnosys.a
END GROUP
LOAD c:/st/stm32cubeide_1.12.1/stm32cubeide/plugins/com.st.stm32cube.ide.mcu.externaltools.gnu-tools-for-stm32.10.3-2021.10.win32_1.0.200.202301161003/tools/bin/../lib/gcc/arm-none-eabi/10.3.1/thumb/v7-m/nofp/crtend.o
LOAD c:/st/stm32cubeide_1.12.1/stm32cubeide/plugins/com.st.stm32cube.ide.mcu.externaltools.gnu-tools-for-stm32.10.3-2021.10.win32_1.0.200.202301161003/tools/bin/../lib/gcc/arm-none-eabi/10.3.1/thumb/v7-m/nofp/crtn.o
                0x0000000020002800                _estack = (ORIGIN (RAM) + LENGTH (RAM))
                0x0000000000000200                _Min_Heap_Size = 0x200
                0x0000000000000400                _Min_Stack_Size = 0x400

.isr_vector     0x0000000008000000      0x10c
                0x0000000008000000                . = ALIGN (0x4)
 *(.isr_vector)
 .isr_vector    0x0000000008000000      0x10c ./Core/Startup/startup_stm32f103c6ux.o
                0x0000000008000000                g_pfnVectors
                0x000000000800010c                . = ALIGN (0x4)

.text           0x000000000800010c     0x23f4
                0x000000000800010c                . = ALIGN (0x4)
 *(.text)
 .text          0x000000000800010c       0x40 c:/st/stm32cubeide_1.12.1/stm32cubeide/plugins/com.st.stm32cube.ide.mcu.externaltools.gnu-tools-for-stm32.10.3-2021.10.win32_1.0.200.202301161003/tools/bin/../lib/gcc/arm-none-eabi/10.3.1/thumb/v7-m/nofp/crtbegin.o
 *(.text*)
 .text.display7SEG
                0x000000000800014c      0x104 ./Core/Src/LED_control.o
                0x000000000800014c                display7SEG
 .text.clearAllLED
                0x0000000008000250       0x3c ./Core/Src/LED_control.o
                0x0000000008000250                clearAllLED
 .text.control7SEG
                0x000000000800028c       0xd8 ./Core/Src/LED_control.o
                0x000000000800028c                control7SEG
 .text.isButtonPressed
                0x0000000008000364       0x3c ./Core/Src/button.o
                0x0000000008000364                isButtonPressed
 .text.subKeyProcess
                0x00000000080003a0       0x20 ./Core/Src/button.o
                0x00000000080003a0                subKeyProcess
 .text.getKeyInput
                0x00000000080003c0      0x120 ./Core/Src/button.o
                0x00000000080003c0                getKeyInput
 .text.resetLED
                0x00000000080004e0       0x4c ./Core/Src/fsm.o
                0x00000000080004e0                resetLED
 .text.fsm_mode
                0x000000000800052c       0xe8 ./Core/Src/fsm.o
                0x000000000800052c                fsm_mode
 .text.mode_1   0x0000000008000614      0x1c8 ./Core/Src/fsm.o
                0x0000000008000614                mode_1
 .text.configTime
                0x00000000080007dc      0x148 ./Core/Src/fsm.o
                0x00000000080007dc                configTime
 .text.main     0x0000000008000924       0x40 ./Core/Src/main.o
                0x0000000008000924                main
 .text.SystemClock_Config
                0x0000000008000964       0x76 ./Core/Src/main.o
                0x0000000008000964                SystemClock_Config
 *fill*         0x00000000080009da        0x2 
 .text.MX_TIM2_Init
                0x00000000080009dc       0x98 ./Core/Src/main.o
 .text.MX_TIM3_Init
                0x0000000008000a74       0x9c ./Core/Src/main.o
 .text.MX_GPIO_Init
                0x0000000008000b10       0xc0 ./Core/Src/main.o
 .text.Error_Handler
                0x0000000008000bd0        0xa ./Core/Src/main.o
                0x0000000008000bd0                Error_Handler
 *fill*         0x0000000008000bda        0x2 
 .text.HAL_MspInit
                0x0000000008000bdc       0x44 ./Core/Src/stm32f1xx_hal_msp.o
                0x0000000008000bdc                HAL_MspInit
 .text.HAL_TIM_Base_MspInit
                0x0000000008000c20       0x80 ./Core/Src/stm32f1xx_hal_msp.o
                0x0000000008000c20                HAL_TIM_Base_MspInit
 .text.NMI_Handler
                0x0000000008000ca0        0x6 ./Core/Src/stm32f1xx_it.o
                0x0000000008000ca0                NMI_Handler
 .text.HardFault_Handler
                0x0000000008000ca6        0x6 ./Core/Src/stm32f1xx_it.o
                0x0000000008000ca6                HardFault_Handler
 .text.MemManage_Handler
                0x0000000008000cac        0x6 ./Core/Src/stm32f1xx_it.o
                0x0000000008000cac                MemManage_Handler
 .text.BusFault_Handler
                0x0000000008000cb2        0x6 ./Core/Src/stm32f1xx_it.o
                0x0000000008000cb2                BusFault_Handler
 .text.UsageFault_Handler
                0x0000000008000cb8        0x6 ./Core/Src/stm32f1xx_it.o
                0x0000000008000cb8                UsageFault_Handler
 .text.SVC_Handler
                0x0000000008000cbe        0xc ./Core/Src/stm32f1xx_it.o
                0x0000000008000cbe                SVC_Handler
 .text.DebugMon_Handler
                0x0000000008000cca        0xc ./Core/Src/stm32f1xx_it.o
                0x0000000008000cca                DebugMon_Handler
 .text.PendSV_Handler
                0x0000000008000cd6        0xc ./Core/Src/stm32f1xx_it.o
                0x0000000008000cd6                PendSV_Handler
 .text.SysTick_Handler
                0x0000000008000ce2        0xc ./Core/Src/stm32f1xx_it.o
                0x0000000008000ce2                SysTick_Handler
 *fill*         0x0000000008000cee        0x2 
 .text.TIM2_IRQHandler
                0x0000000008000cf0       0x14 ./Core/Src/stm32f1xx_it.o
                0x0000000008000cf0                TIM2_IRQHandler
 .text.TIM3_IRQHandler
                0x0000000008000d04       0x14 ./Core/Src/stm32f1xx_it.o
                0x0000000008000d04                TIM3_IRQHandler
 .text.SystemInit
                0x0000000008000d18        0xc ./Core/Src/system_stm32f1xx.o
                0x0000000008000d18                SystemInit
 .text.getTimerFlag
                0x0000000008000d24       0x34 ./Core/Src/timer.o
                0x0000000008000d24                getTimerFlag
 .text.set7SEGTimer
                0x0000000008000d58       0x34 ./Core/Src/timer.o
                0x0000000008000d58                set7SEGTimer
 .text.setLEDTimer
                0x0000000008000d8c       0x34 ./Core/Src/timer.o
                0x0000000008000d8c                setLEDTimer
 .text.timer_run
                0x0000000008000dc0       0x5c ./Core/Src/timer.o
                0x0000000008000dc0                timer_run
 .text.HAL_TIM_PeriodElapsedCallback
                0x0000000008000e1c       0x34 ./Core/Src/timer.o
                0x0000000008000e1c                HAL_TIM_PeriodElapsedCallback
 .text.Reset_Handler
                0x0000000008000e50       0x48 ./Core/Startup/startup_stm32f103c6ux.o
                0x0000000008000e50                Reset_Handler
 .text.Default_Handler
                0x0000000008000e98        0x2 ./Core/Startup/startup_stm32f103c6ux.o
                0x0000000008000e98                RTC_Alarm_IRQHandler
                0x0000000008000e98                EXTI2_IRQHandler
                0x0000000008000e98                TIM1_CC_IRQHandler
                0x0000000008000e98                PVD_IRQHandler
                0x0000000008000e98                EXTI3_IRQHandler
                0x0000000008000e98                EXTI0_IRQHandler
                0x0000000008000e98                ADC1_2_IRQHandler
                0x0000000008000e98                SPI1_IRQHandler
                0x0000000008000e98                TAMPER_IRQHandler
                0x0000000008000e98                DMA1_Channel4_IRQHandler
                0x0000000008000e98                RTC_IRQHandler
                0x0000000008000e98                DMA1_Channel7_IRQHandler
                0x0000000008000e98                CAN1_RX1_IRQHandler
                0x0000000008000e98                I2C1_EV_IRQHandler
                0x0000000008000e98                DMA1_Channel6_IRQHandler
                0x0000000008000e98                RCC_IRQHandler
                0x0000000008000e98                TIM1_TRG_COM_IRQHandler
                0x0000000008000e98                DMA1_Channel1_IRQHandler
                0x0000000008000e98                Default_Handler
                0x0000000008000e98                EXTI15_10_IRQHandler
                0x0000000008000e98                EXTI9_5_IRQHandler
                0x0000000008000e98                DMA1_Channel5_IRQHandler
                0x0000000008000e98                EXTI4_IRQHandler
                0x0000000008000e98                USB_LP_CAN1_RX0_IRQHandler
                0x0000000008000e98                USB_HP_CAN1_TX_IRQHandler
                0x0000000008000e98                DMA1_Channel3_IRQHandler
                0x0000000008000e98                TIM1_UP_IRQHandler
                0x0000000008000e98                WWDG_IRQHandler
                0x0000000008000e98                TIM1_BRK_IRQHandler
                0x0000000008000e98                EXTI1_IRQHandler
                0x0000000008000e98                USART2_IRQHandler
                0x0000000008000e98                DMA1_Channel2_IRQHandler
                0x0000000008000e98                CAN1_SCE_IRQHandler
                0x0000000008000e98                FLASH_IRQHandler
                0x0000000008000e98                USART1_IRQHandler
                0x0000000008000e98                I2C1_ER_IRQHandler
                0x0000000008000e98                USBWakeUp_IRQHandler
 *fill*         0x0000000008000e9a        0x2 
 .text.HAL_Init
                0x0000000008000e9c       0x2c ./Drivers/STM32F1xx_HAL_Driver/Src/stm32f1xx_hal.o
                0x0000000008000e9c                HAL_Init
 .text.HAL_InitTick
                0x0000000008000ec8       0x60 ./Drivers/STM32F1xx_HAL_Driver/Src/stm32f1xx_hal.o
                0x0000000008000ec8                HAL_InitTick
 .text.HAL_IncTick
                0x0000000008000f28       0x24 ./Drivers/STM32F1xx_HAL_Driver/Src/stm32f1xx_hal.o
                0x0000000008000f28                HAL_IncTick
 .text.HAL_GetTick
                0x0000000008000f4c       0x14 ./Drivers/STM32F1xx_HAL_Driver/Src/stm32f1xx_hal.o
                0x0000000008000f4c                HAL_GetTick
 .text.__NVIC_SetPriorityGrouping
                0x0000000008000f60       0x48 ./Drivers/STM32F1xx_HAL_Driver/Src/stm32f1xx_hal_cortex.o
 .text.__NVIC_GetPriorityGrouping
                0x0000000008000fa8       0x1c ./Drivers/STM32F1xx_HAL_Driver/Src/stm32f1xx_hal_cortex.o
 .text.__NVIC_EnableIRQ
                0x0000000008000fc4       0x38 ./Drivers/STM32F1xx_HAL_Driver/Src/stm32f1xx_hal_cortex.o
 .text.__NVIC_SetPriority
                0x0000000008000ffc       0x54 ./Drivers/STM32F1xx_HAL_Driver/Src/stm32f1xx_hal_cortex.o
 .text.NVIC_EncodePriority
                0x0000000008001050       0x64 ./Drivers/STM32F1xx_HAL_Driver/Src/stm32f1xx_hal_cortex.o
 .text.SysTick_Config
                0x00000000080010b4       0x44 ./Drivers/STM32F1xx_HAL_Driver/Src/stm32f1xx_hal_cortex.o
 .text.HAL_NVIC_SetPriorityGrouping
                0x00000000080010f8       0x16 ./Drivers/STM32F1xx_HAL_Driver/Src/stm32f1xx_hal_cortex.o
                0x00000000080010f8                HAL_NVIC_SetPriorityGrouping
 .text.HAL_NVIC_SetPriority
                0x000000000800110e       0x38 ./Drivers/STM32F1xx_HAL_Driver/Src/stm32f1xx_hal_cortex.o
                0x000000000800110e                HAL_NVIC_SetPriority
 .text.HAL_NVIC_EnableIRQ
                0x0000000008001146       0x1c ./Drivers/STM32F1xx_HAL_Driver/Src/stm32f1xx_hal_cortex.o
                0x0000000008001146                HAL_NVIC_EnableIRQ
 .text.HAL_SYSTICK_Config
                0x0000000008001162       0x18 ./Drivers/STM32F1xx_HAL_Driver/Src/stm32f1xx_hal_cortex.o
                0x0000000008001162                HAL_SYSTICK_Config
 *fill*         0x000000000800117a        0x2 
 .text.HAL_GPIO_Init
                0x000000000800117c      0x2f8 ./Drivers/STM32F1xx_HAL_Driver/Src/stm32f1xx_hal_gpio.o
                0x000000000800117c                HAL_GPIO_Init
 .text.HAL_GPIO_ReadPin
                0x0000000008001474       0x2e ./Drivers/STM32F1xx_HAL_Driver/Src/stm32f1xx_hal_gpio.o
                0x0000000008001474                HAL_GPIO_ReadPin
 .text.HAL_GPIO_WritePin
                0x00000000080014a2       0x30 ./Drivers/STM32F1xx_HAL_Driver/Src/stm32f1xx_hal_gpio.o
                0x00000000080014a2                HAL_GPIO_WritePin
 .text.HAL_GPIO_TogglePin
                0x00000000080014d2       0x32 ./Drivers/STM32F1xx_HAL_Driver/Src/stm32f1xx_hal_gpio.o
                0x00000000080014d2                HAL_GPIO_TogglePin
 .text.HAL_RCC_OscConfig
                0x0000000008001504      0x504 ./Drivers/STM32F1xx_HAL_Driver/Src/stm32f1xx_hal_rcc.o
                0x0000000008001504                HAL_RCC_OscConfig
 .text.HAL_RCC_ClockConfig
                0x0000000008001a08      0x1d4 ./Drivers/STM32F1xx_HAL_Driver/Src/stm32f1xx_hal_rcc.o
                0x0000000008001a08                HAL_RCC_ClockConfig
 .text.HAL_RCC_GetSysClockFreq
                0x0000000008001bdc       0xa8 ./Drivers/STM32F1xx_HAL_Driver/Src/stm32f1xx_hal_rcc.o
                0x0000000008001bdc                HAL_RCC_GetSysClockFreq
 .text.RCC_Delay
                0x0000000008001c84       0x3c ./Drivers/STM32F1xx_HAL_Driver/Src/stm32f1xx_hal_rcc.o
 .text.HAL_TIM_Base_Init
                0x0000000008001cc0       0x9e ./Drivers/STM32F1xx_HAL_Driver/Src/stm32f1xx_hal_tim.o
                0x0000000008001cc0                HAL_TIM_Base_Init
 *fill*         0x0000000008001d5e        0x2 
 .text.HAL_TIM_Base_Start_IT
                0x0000000008001d60       0x98 ./Drivers/STM32F1xx_HAL_Driver/Src/stm32f1xx_hal_tim.o
                0x0000000008001d60                HAL_TIM_Base_Start_IT
 .text.HAL_TIM_IRQHandler
                0x0000000008001df8      0x210 ./Drivers/STM32F1xx_HAL_Driver/Src/stm32f1xx_hal_tim.o
                0x0000000008001df8                HAL_TIM_IRQHandler
 .text.HAL_TIM_ConfigClockSource
                0x0000000008002008      0x18e ./Drivers/STM32F1xx_HAL_Driver/Src/stm32f1xx_hal_tim.o
                0x0000000008002008                HAL_TIM_ConfigClockSource
 .text.HAL_TIM_OC_DelayElapsedCallback
                0x0000000008002196       0x12 ./Drivers/STM32F1xx_HAL_Driver/Src/stm32f1xx_hal_tim.o
                0x0000000008002196                HAL_TIM_OC_DelayElapsedCallback
 .text.HAL_TIM_IC_CaptureCallback
                0x00000000080021a8       0x12 ./Drivers/STM32F1xx_HAL_Driver/Src/stm32f1xx_hal_tim.o
                0x00000000080021a8                HAL_TIM_IC_CaptureCallback
 .text.HAL_TIM_PWM_PulseFinishedCallback
                0x00000000080021ba       0x12 ./Drivers/STM32F1xx_HAL_Driver/Src/stm32f1xx_hal_tim.o
                0x00000000080021ba                HAL_TIM_PWM_PulseFinishedCallback
 .text.HAL_TIM_TriggerCallback
                0x00000000080021cc       0x12 ./Drivers/STM32F1xx_HAL_Driver/Src/stm32f1xx_hal_tim.o
                0x00000000080021cc                HAL_TIM_TriggerCallback
 *fill*         0x00000000080021de        0x2 
 .text.TIM_Base_SetConfig
                0x00000000080021e0       0xb0 ./Drivers/STM32F1xx_HAL_Driver/Src/stm32f1xx_hal_tim.o
                0x00000000080021e0                TIM_Base_SetConfig
 .text.TIM_TI1_ConfigInputStage
                0x0000000008002290       0x5c ./Drivers/STM32F1xx_HAL_Driver/Src/stm32f1xx_hal_tim.o
 .text.TIM_TI2_ConfigInputStage
                0x00000000080022ec       0x5e ./Drivers/STM32F1xx_HAL_Driver/Src/stm32f1xx_hal_tim.o
 .text.TIM_ITRx_SetConfig
                0x000000000800234a       0x34 ./Drivers/STM32F1xx_HAL_Driver/Src/stm32f1xx_hal_tim.o
 .text.TIM_ETR_SetConfig
                0x000000000800237e       0x3e ./Drivers/STM32F1xx_HAL_Driver/Src/stm32f1xx_hal_tim.o
                0x000000000800237e                TIM_ETR_SetConfig
 .text.HAL_TIMEx_MasterConfigSynchronization
                0x00000000080023bc       0xb0 ./Drivers/STM32F1xx_HAL_Driver/Src/stm32f1xx_hal_tim_ex.o
                0x00000000080023bc                HAL_TIMEx_MasterConfigSynchronization
 .text.HAL_TIMEx_CommutCallback
                0x000000000800246c       0x12 ./Drivers/STM32F1xx_HAL_Driver/Src/stm32f1xx_hal_tim_ex.o
                0x000000000800246c                HAL_TIMEx_CommutCallback
 .text.HAL_TIMEx_BreakCallback
                0x000000000800247e       0x12 ./Drivers/STM32F1xx_HAL_Driver/Src/stm32f1xx_hal_tim_ex.o
                0x000000000800247e                HAL_TIMEx_BreakCallback
 .text.__libc_init_array
                0x0000000008002490       0x48 c:/st/stm32cubeide_1.12.1/stm32cubeide/plugins/com.st.stm32cube.ide.mcu.externaltools.gnu-tools-for-stm32.10.3-2021.10.win32_1.0.200.202301161003/tools/bin/../lib/gcc/arm-none-eabi/10.3.1/../../../../arm-none-eabi/lib/thumb/v7-m/nofp\libc_nano.a(lib_a-init.o)
                0x0000000008002490                __libc_init_array
 .text.memset   0x00000000080024d8       0x10 c:/st/stm32cubeide_1.12.1/stm32cubeide/plugins/com.st.stm32cube.ide.mcu.externaltools.gnu-tools-for-stm32.10.3-2021.10.win32_1.0.200.202301161003/tools/bin/../lib/gcc/arm-none-eabi/10.3.1/../../../../arm-none-eabi/lib/thumb/v7-m/nofp\libc_nano.a(lib_a-memset.o)
                0x00000000080024d8                memset
 *(.glue_7)
 .glue_7        0x00000000080024e8        0x0 linker stubs
 *(.glue_7t)
 .glue_7t       0x00000000080024e8        0x0 linker stubs
 *(.eh_frame)
 .eh_frame      0x00000000080024e8        0x0 c:/st/stm32cubeide_1.12.1/stm32cubeide/plugins/com.st.stm32cube.ide.mcu.externaltools.gnu-tools-for-stm32.10.3-2021.10.win32_1.0.200.202301161003/tools/bin/../lib/gcc/arm-none-eabi/10.3.1/thumb/v7-m/nofp/crtbegin.o
 *(.init)
 .init          0x00000000080024e8        0x4 c:/st/stm32cubeide_1.12.1/stm32cubeide/plugins/com.st.stm32cube.ide.mcu.externaltools.gnu-tools-for-stm32.10.3-2021.10.win32_1.0.200.202301161003/tools/bin/../lib/gcc/arm-none-eabi/10.3.1/thumb/v7-m/nofp/crti.o
                0x00000000080024e8                _init
 .init          0x00000000080024ec        0x8 c:/st/stm32cubeide_1.12.1/stm32cubeide/plugins/com.st.stm32cube.ide.mcu.externaltools.gnu-tools-for-stm32.10.3-2021.10.win32_1.0.200.202301161003/tools/bin/../lib/gcc/arm-none-eabi/10.3.1/thumb/v7-m/nofp/crtn.o
 *(.fini)
 .fini          0x00000000080024f4        0x4 c:/st/stm32cubeide_1.12.1/stm32cubeide/plugins/com.st.stm32cube.ide.mcu.externaltools.gnu-tools-for-stm32.10.3-2021.10.win32_1.0.200.202301161003/tools/bin/../lib/gcc/arm-none-eabi/10.3.1/thumb/v7-m/nofp/crti.o
                0x00000000080024f4                _fini
 .fini          0x00000000080024f8        0x8 c:/st/stm32cubeide_1.12.1/stm32cubeide/plugins/com.st.stm32cube.ide.mcu.externaltools.gnu-tools-for-stm32.10.3-2021.10.win32_1.0.200.202301161003/tools/bin/../lib/gcc/arm-none-eabi/10.3.1/thumb/v7-m/nofp/crtn.o
                0x0000000008002500                . = ALIGN (0x4)
                0x0000000008002500                _etext = .

.vfp11_veneer   0x0000000008002500        0x0
 .vfp11_veneer  0x0000000008002500        0x0 linker stubs

.v4_bx          0x0000000008002500        0x0
 .v4_bx         0x0000000008002500        0x0 linker stubs

.iplt           0x0000000008002500        0x0
 .iplt          0x0000000008002500        0x0 c:/st/stm32cubeide_1.12.1/stm32cubeide/plugins/com.st.stm32cube.ide.mcu.externaltools.gnu-tools-for-stm32.10.3-2021.10.win32_1.0.200.202301161003/tools/bin/../lib/gcc/arm-none-eabi/10.3.1/thumb/v7-m/nofp/crtbegin.o

.rodata         0x0000000008002500       0x24
                0x0000000008002500                . = ALIGN (0x4)
 *(.rodata)
 *(.rodata*)
 .rodata.AHBPrescTable
                0x0000000008002500       0x10 ./Core/Src/system_stm32f1xx.o
                0x0000000008002500                AHBPrescTable
 .rodata.aPLLMULFactorTable.1
                0x0000000008002510       0x10 ./Drivers/STM32F1xx_HAL_Driver/Src/stm32f1xx_hal_rcc.o
 .rodata.aPredivFactorTable.0
                0x0000000008002520        0x2 ./Drivers/STM32F1xx_HAL_Driver/Src/stm32f1xx_hal_rcc.o
                0x0000000008002524                . = ALIGN (0x4)
 *fill*         0x0000000008002522        0x2 

.rel.dyn        0x0000000008002524        0x0
 .rel.iplt      0x0000000008002524        0x0 c:/st/stm32cubeide_1.12.1/stm32cubeide/plugins/com.st.stm32cube.ide.mcu.externaltools.gnu-tools-for-stm32.10.3-2021.10.win32_1.0.200.202301161003/tools/bin/../lib/gcc/arm-none-eabi/10.3.1/thumb/v7-m/nofp/crtbegin.o

.ARM.extab      0x0000000008002524        0x0
                0x0000000008002524                . = ALIGN (0x4)
 *(.ARM.extab* .gnu.linkonce.armextab.*)
                0x0000000008002524                . = ALIGN (0x4)

.ARM            0x0000000008002524        0x0
                0x0000000008002524                . = ALIGN (0x4)
                0x0000000008002524                __exidx_start = .
 *(.ARM.exidx*)
                0x0000000008002524                __exidx_end = .
                0x0000000008002524                . = ALIGN (0x4)

.preinit_array  0x0000000008002524        0x0
                0x0000000008002524                . = ALIGN (0x4)
                0x0000000008002524                PROVIDE (__preinit_array_start = .)
 *(.preinit_array*)
                0x0000000008002524                PROVIDE (__preinit_array_end = .)
                0x0000000008002524                . = ALIGN (0x4)

.init_array     0x0000000008002524        0x4
                0x0000000008002524                . = ALIGN (0x4)
                0x0000000008002524                PROVIDE (__init_array_start = .)
 *(SORT_BY_NAME(.init_array.*))
 *(.init_array*)
 .init_array    0x0000000008002524        0x4 c:/st/stm32cubeide_1.12.1/stm32cubeide/plugins/com.st.stm32cube.ide.mcu.externaltools.gnu-tools-for-stm32.10.3-2021.10.win32_1.0.200.202301161003/tools/bin/../lib/gcc/arm-none-eabi/10.3.1/thumb/v7-m/nofp/crtbegin.o
                0x0000000008002528                PROVIDE (__init_array_end = .)
                0x0000000008002528                . = ALIGN (0x4)

.fini_array     0x0000000008002528        0x4
                0x0000000008002528                . = ALIGN (0x4)
                [!provide]                        PROVIDE (__fini_array_start = .)
 *(SORT_BY_NAME(.fini_array.*))
 *(.fini_array*)
 .fini_array    0x0000000008002528        0x4 c:/st/stm32cubeide_1.12.1/stm32cubeide/plugins/com.st.stm32cube.ide.mcu.externaltools.gnu-tools-for-stm32.10.3-2021.10.win32_1.0.200.202301161003/tools/bin/../lib/gcc/arm-none-eabi/10.3.1/thumb/v7-m/nofp/crtbegin.o
                [!provide]                        PROVIDE (__fini_array_end = .)
                0x000000000800252c                . = ALIGN (0x4)
                0x000000000800252c                _sidata = LOADADDR (.data)

.data           0x0000000020000000       0x30 load address 0x000000000800252c
                0x0000000020000000                . = ALIGN (0x4)
                0x0000000020000000                _sdata = .
 *(.data)
 *(.data*)
 .data.LED      0x0000000020000000        0xa ./Core/Src/LED_control.o
                0x0000000020000000                LED
 *fill*         0x000000002000000a        0x2 
 .data.BUTTON_PORT
                0x000000002000000c        0xc ./Core/Src/button.o
 .data.BUTTON_PIN
                0x0000000020000018        0x6 ./Core/Src/button.o
 .data.red_counter
                0x000000002000001e        0x1 ./Core/Src/fsm.o
 .data.green_counter
                0x000000002000001f        0x1 ./Core/Src/fsm.o
 .data.SystemCoreClock
                0x0000000020000020        0x4 ./Core/Src/system_stm32f1xx.o
                0x0000000020000020                SystemCoreClock
 .data.TIMER_CYCLE
                0x0000000020000024        0x4 ./Core/Src/timer.o
 .data.uwTickPrio
                0x0000000020000028        0x4 ./Drivers/STM32F1xx_HAL_Driver/Src/stm32f1xx_hal.o
                0x0000000020000028                uwTickPrio
 .data.uwTickFreq
                0x000000002000002c        0x1 ./Drivers/STM32F1xx_HAL_Driver/Src/stm32f1xx_hal.o
                0x000000002000002c                uwTickFreq
 *(.RamFunc)
 *(.RamFunc*)
                0x0000000020000030                . = ALIGN (0x4)
 *fill*         0x000000002000002d        0x3 
                0x0000000020000030                _edata = .

.igot.plt       0x0000000020000030        0x0 load address 0x000000000800255c
 .igot.plt      0x0000000020000030        0x0 c:/st/stm32cubeide_1.12.1/stm32cubeide/plugins/com.st.stm32cube.ide.mcu.externaltools.gnu-tools-for-stm32.10.3-2021.10.win32_1.0.200.202301161003/tools/bin/../lib/gcc/arm-none-eabi/10.3.1/thumb/v7-m/nofp/crtbegin.o
                0x0000000020000030                . = ALIGN (0x4)

.bss            0x0000000020000030      0x118 load address 0x000000000800255c
                0x0000000020000030                _sbss = .
                0x0000000020000030                __bss_start__ = _sbss
 *(.bss)
 .bss           0x0000000020000030       0x1c c:/st/stm32cubeide_1.12.1/stm32cubeide/plugins/com.st.stm32cube.ide.mcu.externaltools.gnu-tools-for-stm32.10.3-2021.10.win32_1.0.200.202301161003/tools/bin/../lib/gcc/arm-none-eabi/10.3.1/thumb/v7-m/nofp/crtbegin.o
 *(.bss*)
 .bss.KeyReg0   0x000000002000004c        0xc ./Core/Src/button.o
 .bss.KeyReg1   0x0000000020000058        0xc ./Core/Src/button.o
 .bss.KeyReg2   0x0000000020000064        0xc ./Core/Src/button.o
 .bss.KeyReg3   0x0000000020000070        0xc ./Core/Src/button.o
 .bss.TimeOutForKeyPress
                0x000000002000007c        0xc ./Core/Src/button.o
 .bss.button_flag
                0x0000000020000088        0xc ./Core/Src/button.o
 .bss.trafficstate
                0x0000000020000094        0x1 ./Core/Src/fsm.o
 .bss.mode      0x0000000020000095        0x1 ./Core/Src/fsm.o
 *fill*         0x0000000020000096        0x2 
 .bss.time_1    0x0000000020000098        0x4 ./Core/Src/fsm.o
 .bss.time_2    0x000000002000009c        0x4 ./Core/Src/fsm.o
 .bss.led7state
                0x00000000200000a0        0x1 ./Core/Src/fsm.o
 *fill*         0x00000000200000a1        0x3 
 .bss.htim2     0x00000000200000a4       0x48 ./Core/Src/main.o
                0x00000000200000a4                htim2
 .bss.htim3     0x00000000200000ec       0x48 ./Core/Src/main.o
                0x00000000200000ec                htim3
 .bss.timer7SEG_counter
                0x0000000020000134        0x4 ./Core/Src/timer.o
 .bss.timer7SEG_flag
                0x0000000020000138        0x4 ./Core/Src/timer.o
 .bss.timerLED_counter
                0x000000002000013c        0x4 ./Core/Src/timer.o
 .bss.timerLED_flag
                0x0000000020000140        0x4 ./Core/Src/timer.o
 .bss.uwTick    0x0000000020000144        0x4 ./Drivers/STM32F1xx_HAL_Driver/Src/stm32f1xx_hal.o
                0x0000000020000144                uwTick
 *(COMMON)
                0x0000000020000148                . = ALIGN (0x4)
                0x0000000020000148                _ebss = .
                0x0000000020000148                __bss_end__ = _ebss

._user_heap_stack
                0x0000000020000148      0x600 load address 0x000000000800255c
                0x0000000020000148                . = ALIGN (0x8)
                [!provide]                        PROVIDE (end = .)
                0x0000000020000148                PROVIDE (_end = .)
                0x0000000020000348                . = (. + _Min_Heap_Size)
 *fill*         0x0000000020000148      0x200 
                0x0000000020000748                . = (. + _Min_Stack_Size)
 *fill*         0x0000000020000348      0x400 
                0x0000000020000748                . = ALIGN (0x8)

/DISCARD/
 libc.a(*)
 libm.a(*)
 libgcc.a(*)

.ARM.attributes
                0x0000000000000000       0x29
 *(.ARM.attributes)
 .ARM.attributes
                0x0000000000000000       0x1d c:/st/stm32cubeide_1.12.1/stm32cubeide/plugins/com.st.stm32cube.ide.mcu.externaltools.gnu-tools-for-stm32.10.3-2021.10.win32_1.0.200.202301161003/tools/bin/../lib/gcc/arm-none-eabi/10.3.1/thumb/v7-m/nofp/crti.o
 .ARM.attributes
                0x000000000000001d       0x2d c:/st/stm32cubeide_1.12.1/stm32cubeide/plugins/com.st.stm32cube.ide.mcu.externaltools.gnu-tools-for-stm32.10.3-2021.10.win32_1.0.200.202301161003/tools/bin/../lib/gcc/arm-none-eabi/10.3.1/thumb/v7-m/nofp/crtbegin.o
 .ARM.attributes
                0x000000000000004a       0x2d ./Core/Src/LED_control.o
 .ARM.attributes
                0x0000000000000077       0x2d ./Core/Src/button.o
 .ARM.attributes
                0x00000000000000a4       0x2d ./Core/Src/fsm.o
 .ARM.attributes
                0x00000000000000d1       0x2d ./Core/Src/main.o
 .ARM.attributes
                0x00000000000000fe       0x2d ./Core/Src/stm32f1xx_hal_msp.o
 .ARM.attributes
                0x000000000000012b       0x2d ./Core/Src/stm32f1xx_it.o
 .ARM.attributes
                0x0000000000000158       0x2d ./Core/Src/system_stm32f1xx.o
 .ARM.attributes
                0x0000000000000185       0x2d ./Core/Src/timer.o
 .ARM.attributes
                0x00000000000001b2       0x21 ./Core/Startup/startup_stm32f103c6ux.o
 .ARM.attributes
                0x00000000000001d3       0x2d ./Drivers/STM32F1xx_HAL_Driver/Src/stm32f1xx_hal.o
 .ARM.attributes
                0x0000000000000200       0x2d ./Drivers/STM32F1xx_HAL_Driver/Src/stm32f1xx_hal_cortex.o
 .ARM.attributes
                0x000000000000022d       0x2d ./Drivers/STM32F1xx_HAL_Driver/Src/stm32f1xx_hal_gpio.o
 .ARM.attributes
                0x000000000000025a       0x2d ./Drivers/STM32F1xx_HAL_Driver/Src/stm32f1xx_hal_rcc.o
 .ARM.attributes
                0x0000000000000287       0x2d ./Drivers/STM32F1xx_HAL_Driver/Src/stm32f1xx_hal_tim.o
 .ARM.attributes
                0x00000000000002b4       0x2d ./Drivers/STM32F1xx_HAL_Driver/Src/stm32f1xx_hal_tim_ex.o
 .ARM.attributes
                0x00000000000002e1       0x2d c:/st/stm32cubeide_1.12.1/stm32cubeide/plugins/com.st.stm32cube.ide.mcu.externaltools.gnu-tools-for-stm32.10.3-2021.10.win32_1.0.200.202301161003/tools/bin/../lib/gcc/arm-none-eabi/10.3.1/../../../../arm-none-eabi/lib/thumb/v7-m/nofp\libc_nano.a(lib_a-init.o)
 .ARM.attributes
                0x000000000000030e       0x2d c:/st/stm32cubeide_1.12.1/stm32cubeide/plugins/com.st.stm32cube.ide.mcu.externaltools.gnu-tools-for-stm32.10.3-2021.10.win32_1.0.200.202301161003/tools/bin/../lib/gcc/arm-none-eabi/10.3.1/../../../../arm-none-eabi/lib/thumb/v7-m/nofp\libc_nano.a(lib_a-memset.o)
 .ARM.attributes
                0x000000000000033b       0x1d c:/st/stm32cubeide_1.12.1/stm32cubeide/plugins/com.st.stm32cube.ide.mcu.externaltools.gnu-tools-for-stm32.10.3-2021.10.win32_1.0.200.202301161003/tools/bin/../lib/gcc/arm-none-eabi/10.3.1/thumb/v7-m/nofp/crtn.o
OUTPUT(lab_3.elf elf32-littlearm)
LOAD linker stubs
LOAD c:/st/stm32cubeide_1.12.1/stm32cubeide/plugins/com.st.stm32cube.ide.mcu.externaltools.gnu-tools-for-stm32.10.3-2021.10.win32_1.0.200.202301161003/tools/bin/../lib/gcc/arm-none-eabi/10.3.1/../../../../arm-none-eabi/lib/thumb/v7-m/nofp\libc.a
LOAD c:/st/stm32cubeide_1.12.1/stm32cubeide/plugins/com.st.stm32cube.ide.mcu.externaltools.gnu-tools-for-stm32.10.3-2021.10.win32_1.0.200.202301161003/tools/bin/../lib/gcc/arm-none-eabi/10.3.1/../../../../arm-none-eabi/lib/thumb/v7-m/nofp\libm.a
LOAD c:/st/stm32cubeide_1.12.1/stm32cubeide/plugins/com.st.stm32cube.ide.mcu.externaltools.gnu-tools-for-stm32.10.3-2021.10.win32_1.0.200.202301161003/tools/bin/../lib/gcc/arm-none-eabi/10.3.1/thumb/v7-m/nofp\libgcc.a

.debug_info     0x0000000000000000     0x9058
 .debug_info    0x0000000000000000      0x23c ./Core/Src/LED_control.o
 .debug_info    0x000000000000023c      0x2f1 ./Core/Src/button.o
 .debug_info    0x000000000000052d      0x355 ./Core/Src/fsm.o
 .debug_info    0x0000000000000882      0xc13 ./Core/Src/main.o
 .debug_info    0x0000000000001495      0x8f9 ./Core/Src/stm32f1xx_hal_msp.o
 .debug_info    0x0000000000001d8e      0x70d ./Core/Src/stm32f1xx_it.o
 .debug_info    0x000000000000249b      0x23d ./Core/Src/system_stm32f1xx.o
 .debug_info    0x00000000000026d8      0x75a ./Core/Src/timer.o
 .debug_info    0x0000000000002e32       0x22 ./Core/Startup/startup_stm32f103c6ux.o
 .debug_info    0x0000000000002e54      0x716 ./Drivers/STM32F1xx_HAL_Driver/Src/stm32f1xx_hal.o
 .debug_info    0x000000000000356a      0xb02 ./Drivers/STM32F1xx_HAL_Driver/Src/stm32f1xx_hal_cortex.o
 .debug_info    0x000000000000406c      0x615 ./Drivers/STM32F1xx_HAL_Driver/Src/stm32f1xx_hal_gpio.o
 .debug_info    0x0000000000004681      0x865 ./Drivers/STM32F1xx_HAL_Driver/Src/stm32f1xx_hal_rcc.o
 .debug_info    0x0000000000004ee6     0x2bab ./Drivers/STM32F1xx_HAL_Driver/Src/stm32f1xx_hal_tim.o
 .debug_info    0x0000000000007a91     0x15c7 ./Drivers/STM32F1xx_HAL_Driver/Src/stm32f1xx_hal_tim_ex.o

.debug_abbrev   0x0000000000000000     0x1b16
 .debug_abbrev  0x0000000000000000      0x162 ./Core/Src/LED_control.o
 .debug_abbrev  0x0000000000000162      0x189 ./Core/Src/button.o
 .debug_abbrev  0x00000000000002eb      0x169 ./Core/Src/fsm.o
 .debug_abbrev  0x0000000000000454      0x260 ./Core/Src/main.o
 .debug_abbrev  0x00000000000006b4      0x19f ./Core/Src/stm32f1xx_hal_msp.o
 .debug_abbrev  0x0000000000000853      0x184 ./Core/Src/stm32f1xx_it.o
 .debug_abbrev  0x00000000000009d7      0x13b ./Core/Src/system_stm32f1xx.o
 .debug_abbrev  0x0000000000000b12      0x1d7 ./Core/Src/timer.o
 .debug_abbrev  0x0000000000000ce9       0x12 ./Core/Startup/startup_stm32f103c6ux.o
 .debug_abbrev  0x0000000000000cfb      0x1fb ./Drivers/STM32F1xx_HAL_Driver/Src/stm32f1xx_hal.o
 .debug_abbrev  0x0000000000000ef6      0x2ed ./Drivers/STM32F1xx_HAL_Driver/Src/stm32f1xx_hal_cortex.o
 .debug_abbrev  0x00000000000011e3      0x1bb ./Drivers/STM32F1xx_HAL_Driver/Src/stm32f1xx_hal_gpio.o
 .debug_abbrev  0x000000000000139e      0x2a8 ./Drivers/STM32F1xx_HAL_Driver/Src/stm32f1xx_hal_rcc.o
 .debug_abbrev  0x0000000000001646      0x264 ./Drivers/STM32F1xx_HAL_Driver/Src/stm32f1xx_hal_tim.o
 .debug_abbrev  0x00000000000018aa      0x26c ./Drivers/STM32F1xx_HAL_Driver/Src/stm32f1xx_hal_tim_ex.o

.debug_aranges  0x0000000000000000      0xa20
 .debug_aranges
                0x0000000000000000       0x30 ./Core/Src/LED_control.o
 .debug_aranges
                0x0000000000000030       0x38 ./Core/Src/button.o
 .debug_aranges
                0x0000000000000068       0x38 ./Core/Src/fsm.o
 .debug_aranges
                0x00000000000000a0       0x48 ./Core/Src/main.o
 .debug_aranges
                0x00000000000000e8       0x30 ./Core/Src/stm32f1xx_hal_msp.o
 .debug_aranges
                0x0000000000000118       0x70 ./Core/Src/stm32f1xx_it.o
 .debug_aranges
                0x0000000000000188       0x28 ./Core/Src/system_stm32f1xx.o
 .debug_aranges
                0x00000000000001b0       0x48 ./Core/Src/timer.o
 .debug_aranges
                0x00000000000001f8       0x28 ./Core/Startup/startup_stm32f103c6ux.o
 .debug_aranges
                0x0000000000000220       0xe0 ./Drivers/STM32F1xx_HAL_Driver/Src/stm32f1xx_hal.o
 .debug_aranges
                0x0000000000000300      0x100 ./Drivers/STM32F1xx_HAL_Driver/Src/stm32f1xx_hal_cortex.o
 .debug_aranges
                0x0000000000000400       0x58 ./Drivers/STM32F1xx_HAL_Driver/Src/stm32f1xx_hal_gpio.o
 .debug_aranges
                0x0000000000000458       0x90 ./Drivers/STM32F1xx_HAL_Driver/Src/stm32f1xx_hal_rcc.o
 .debug_aranges
                0x00000000000004e8      0x3d0 ./Drivers/STM32F1xx_HAL_Driver/Src/stm32f1xx_hal_tim.o
 .debug_aranges
                0x00000000000008b8      0x168 ./Drivers/STM32F1xx_HAL_Driver/Src/stm32f1xx_hal_tim_ex.o

.debug_ranges   0x0000000000000000      0x938
 .debug_ranges  0x0000000000000000       0x20 ./Core/Src/LED_control.o
 .debug_ranges  0x0000000000000020       0x28 ./Core/Src/button.o
 .debug_ranges  0x0000000000000048       0x28 ./Core/Src/fsm.o
 .debug_ranges  0x0000000000000070       0x38 ./Core/Src/main.o
 .debug_ranges  0x00000000000000a8       0x20 ./Core/Src/stm32f1xx_hal_msp.o
 .debug_ranges  0x00000000000000c8       0x60 ./Core/Src/stm32f1xx_it.o
 .debug_ranges  0x0000000000000128       0x18 ./Core/Src/system_stm32f1xx.o
 .debug_ranges  0x0000000000000140       0x38 ./Core/Src/timer.o
 .debug_ranges  0x0000000000000178       0x20 ./Core/Startup/startup_stm32f103c6ux.o
 .debug_ranges  0x0000000000000198       0xd0 ./Drivers/STM32F1xx_HAL_Driver/Src/stm32f1xx_hal.o
 .debug_ranges  0x0000000000000268       0xf0 ./Drivers/STM32F1xx_HAL_Driver/Src/stm32f1xx_hal_cortex.o
 .debug_ranges  0x0000000000000358       0x48 ./Drivers/STM32F1xx_HAL_Driver/Src/stm32f1xx_hal_gpio.o
 .debug_ranges  0x00000000000003a0       0x80 ./Drivers/STM32F1xx_HAL_Driver/Src/stm32f1xx_hal_rcc.o
 .debug_ranges  0x0000000000000420      0x3c0 ./Drivers/STM32F1xx_HAL_Driver/Src/stm32f1xx_hal_tim.o
 .debug_ranges  0x00000000000007e0      0x158 ./Drivers/STM32F1xx_HAL_Driver/Src/stm32f1xx_hal_tim_ex.o

.debug_macro    0x0000000000000000    0x16a9c
 .debug_macro   0x0000000000000000      0x1d5 ./Core/Src/LED_control.o
 .debug_macro   0x00000000000001d5      0xa6c ./Core/Src/LED_control.o
 .debug_macro   0x0000000000000c41      0x215 ./Core/Src/LED_control.o
 .debug_macro   0x0000000000000e56       0x2e ./Core/Src/LED_control.o
 .debug_macro   0x0000000000000e84       0x22 ./Core/Src/LED_control.o
 .debug_macro   0x0000000000000ea6       0x22 ./Core/Src/LED_control.o
 .debug_macro   0x0000000000000ec8       0x8e ./Core/Src/LED_control.o
 .debug_macro   0x0000000000000f56       0x51 ./Core/Src/LED_control.o
 .debug_macro   0x0000000000000fa7      0x103 ./Core/Src/LED_control.o
 .debug_macro   0x00000000000010aa       0x6a ./Core/Src/LED_control.o
 .debug_macro   0x0000000000001114      0x1df ./Core/Src/LED_control.o
 .debug_macro   0x00000000000012f3       0x1c ./Core/Src/LED_control.o
 .debug_macro   0x000000000000130f       0x22 ./Core/Src/LED_control.o
 .debug_macro   0x0000000000001331       0xbd ./Core/Src/LED_control.o
 .debug_macro   0x00000000000013ee      0xd23 ./Core/Src/LED_control.o
 .debug_macro   0x0000000000002111     0xde75 ./Core/Src/LED_control.o
 .debug_macro   0x000000000000ff86       0x6d ./Core/Src/LED_control.o
 .debug_macro   0x000000000000fff3     0x348d ./Core/Src/LED_control.o
 .debug_macro   0x0000000000013480      0x174 ./Core/Src/LED_control.o
 .debug_macro   0x00000000000135f4       0x5c ./Core/Src/LED_control.o
 .debug_macro   0x0000000000013650      0x5bc ./Core/Src/LED_control.o
 .debug_macro   0x0000000000013c0c      0x1b7 ./Core/Src/LED_control.o
 .debug_macro   0x0000000000013dc3      0x1cb ./Core/Src/LED_control.o
 .debug_macro   0x0000000000013f8e      0x114 ./Core/Src/LED_control.o
 .debug_macro   0x00000000000140a2      0x1b2 ./Core/Src/LED_control.o
 .debug_macro   0x0000000000014254       0x27 ./Core/Src/LED_control.o
 .debug_macro   0x000000000001427b      0x12f ./Core/Src/LED_control.o
 .debug_macro   0x00000000000143aa      0x1bc ./Core/Src/LED_control.o
 .debug_macro   0x0000000000014566       0x34 ./Core/Src/LED_control.o
 .debug_macro   0x000000000001459a       0x3c ./Core/Src/LED_control.o
 .debug_macro   0x00000000000145d6       0x57 ./Core/Src/LED_control.o
 .debug_macro   0x000000000001462d       0x87 ./Core/Src/LED_control.o
 .debug_macro   0x00000000000146b4      0x183 ./Core/Src/LED_control.o
 .debug_macro   0x0000000000014837      0x140 ./Core/Src/LED_control.o
 .debug_macro   0x0000000000014977      0x8ed ./Core/Src/LED_control.o
 .debug_macro   0x0000000000015264       0x69 ./Core/Src/LED_control.o
 .debug_macro   0x00000000000152cd       0x1c ./Core/Src/LED_control.o
 .debug_macro   0x00000000000152e9       0xdc ./Core/Src/LED_control.o
 .debug_macro   0x00000000000153c5      0x1db ./Core/Src/button.o
 .debug_macro   0x00000000000155a0       0x16 ./Core/Src/button.o
 .debug_macro   0x00000000000155b6      0x1d5 ./Core/Src/fsm.o
 .debug_macro   0x000000000001578b      0x1d1 ./Core/Src/main.o
 .debug_macro   0x000000000001595c      0x1d1 ./Core/Src/stm32f1xx_hal_msp.o
 .debug_macro   0x0000000000015b2d      0x1db ./Core/Src/stm32f1xx_it.o
 .debug_macro   0x0000000000015d08      0x197 ./Core/Src/system_stm32f1xx.o
 .debug_macro   0x0000000000015e9f      0x1d1 ./Core/Src/timer.o
 .debug_macro   0x0000000000016070      0x1bb ./Drivers/STM32F1xx_HAL_Driver/Src/stm32f1xx_hal.o
 .debug_macro   0x000000000001622b      0x197 ./Drivers/STM32F1xx_HAL_Driver/Src/stm32f1xx_hal_cortex.o
 .debug_macro   0x00000000000163c2      0x202 ./Drivers/STM32F1xx_HAL_Driver/Src/stm32f1xx_hal_gpio.o
 .debug_macro   0x00000000000165c4      0x1a9 ./Drivers/STM32F1xx_HAL_Driver/Src/stm32f1xx_hal_rcc.o
 .debug_macro   0x000000000001676d      0x198 ./Drivers/STM32F1xx_HAL_Driver/Src/stm32f1xx_hal_tim.o
 .debug_macro   0x0000000000016905      0x197 ./Drivers/STM32F1xx_HAL_Driver/Src/stm32f1xx_hal_tim_ex.o

.debug_line     0x0000000000000000     0xb215
 .debug_line    0x0000000000000000      0x707 ./Core/Src/LED_control.o
 .debug_line    0x0000000000000707      0x786 ./Core/Src/button.o
 .debug_line    0x0000000000000e8d      0x84a ./Core/Src/fsm.o
 .debug_line    0x00000000000016d7      0x7e2 ./Core/Src/main.o
 .debug_line    0x0000000000001eb9      0x6f0 ./Core/Src/stm32f1xx_hal_msp.o
 .debug_line    0x00000000000025a9      0x785 ./Core/Src/stm32f1xx_it.o
 .debug_line    0x0000000000002d2e      0x6e0 ./Core/Src/system_stm32f1xx.o
 .debug_line    0x000000000000340e      0x753 ./Core/Src/timer.o
 .debug_line    0x0000000000003b61       0x86 ./Core/Startup/startup_stm32f103c6ux.o
 .debug_line    0x0000000000003be7      0x90d ./Drivers/STM32F1xx_HAL_Driver/Src/stm32f1xx_hal.o
 .debug_line    0x00000000000044f4      0xaf5 ./Drivers/STM32F1xx_HAL_Driver/Src/stm32f1xx_hal_cortex.o
 .debug_line    0x0000000000004fe9      0x991 ./Drivers/STM32F1xx_HAL_Driver/Src/stm32f1xx_hal_gpio.o
 .debug_line    0x000000000000597a      0xd19 ./Drivers/STM32F1xx_HAL_Driver/Src/stm32f1xx_hal_rcc.o
 .debug_line    0x0000000000006693     0x334f ./Drivers/STM32F1xx_HAL_Driver/Src/stm32f1xx_hal_tim.o
 .debug_line    0x00000000000099e2     0x1833 ./Drivers/STM32F1xx_HAL_Driver/Src/stm32f1xx_hal_tim_ex.o

.debug_str      0x0000000000000000    0x821b4
 .debug_str     0x0000000000000000    0x7f59e ./Core/Src/LED_control.o
                                      0x7f8d3 (size before relaxing)
 .debug_str     0x000000000007f59e       0xb7 ./Core/Src/button.o
                                      0x7f912 (size before relaxing)
 .debug_str     0x000000000007f655       0xfc ./Core/Src/fsm.o
                                      0x7f9a6 (size before relaxing)
 .debug_str     0x000000000007f751      0x786 ./Core/Src/main.o
                                      0x800bf (size before relaxing)
 .debug_str     0x000000000007fed7      0x2d2 ./Core/Src/stm32f1xx_hal_msp.o
                                      0x8003d (size before relaxing)
 .debug_str     0x00000000000801a9       0xfc ./Core/Src/stm32f1xx_it.o
                                      0x7fdbc (size before relaxing)
 .debug_str     0x00000000000802a5       0x7e ./Core/Src/system_stm32f1xx.o
                                      0x7f564 (size before relaxing)
 .debug_str     0x0000000000080323       0xad ./Core/Src/timer.o
                                      0x7fd98 (size before relaxing)
 .debug_str     0x00000000000803d0       0x36 ./Core/Startup/startup_stm32f103c6ux.o
                                         0x6e (size before relaxing)
 .debug_str     0x0000000000080406      0x38e ./Drivers/STM32F1xx_HAL_Driver/Src/stm32f1xx_hal.o
                                      0x7fc5d (size before relaxing)
 .debug_str     0x0000000000080794      0x29e ./Drivers/STM32F1xx_HAL_Driver/Src/stm32f1xx_hal_cortex.o
                                      0x7fba9 (size before relaxing)
 .debug_str     0x0000000000080a32      0x2f6 ./Drivers/STM32F1xx_HAL_Driver/Src/stm32f1xx_hal_gpio.o
                                      0x7f8ea (size before relaxing)
 .debug_str     0x0000000000080d28      0x229 ./Drivers/STM32F1xx_HAL_Driver/Src/stm32f1xx_hal_rcc.o
                                      0x7f993 (size before relaxing)
 .debug_str     0x0000000000080f51      0xdd0 ./Drivers/STM32F1xx_HAL_Driver/Src/stm32f1xx_hal_tim.o
                                      0x80985 (size before relaxing)
 .debug_str     0x0000000000081d21      0x493 ./Drivers/STM32F1xx_HAL_Driver/Src/stm32f1xx_hal_tim_ex.o
                                      0x801a1 (size before relaxing)

.comment        0x0000000000000000       0x50
 .comment       0x0000000000000000       0x50 ./Core/Src/LED_control.o
                                         0x51 (size before relaxing)
 .comment       0x0000000000000050       0x51 ./Core/Src/button.o
 .comment       0x0000000000000050       0x51 ./Core/Src/fsm.o
 .comment       0x0000000000000050       0x51 ./Core/Src/main.o
 .comment       0x0000000000000050       0x51 ./Core/Src/stm32f1xx_hal_msp.o
 .comment       0x0000000000000050       0x51 ./Core/Src/stm32f1xx_it.o
 .comment       0x0000000000000050       0x51 ./Core/Src/system_stm32f1xx.o
 .comment       0x0000000000000050       0x51 ./Core/Src/timer.o
 .comment       0x0000000000000050       0x51 ./Drivers/STM32F1xx_HAL_Driver/Src/stm32f1xx_hal.o
 .comment       0x0000000000000050       0x51 ./Drivers/STM32F1xx_HAL_Driver/Src/stm32f1xx_hal_cortex.o
 .comment       0x0000000000000050       0x51 ./Drivers/STM32F1xx_HAL_Driver/Src/stm32f1xx_hal_gpio.o
 .comment       0x0000000000000050       0x51 ./Drivers/STM32F1xx_HAL_Driver/Src/stm32f1xx_hal_rcc.o
 .comment       0x0000000000000050       0x51 ./Drivers/STM32F1xx_HAL_Driver/Src/stm32f1xx_hal_tim.o
 .comment       0x0000000000000050       0x51 ./Drivers/STM32F1xx_HAL_Driver/Src/stm32f1xx_hal_tim_ex.o

.debug_frame    0x0000000000000000     0x2880
 .debug_frame   0x0000000000000000       0x74 ./Core/Src/LED_control.o
 .debug_frame   0x0000000000000074       0xac ./Core/Src/button.o
 .debug_frame   0x0000000000000120       0x88 ./Core/Src/fsm.o
 .debug_frame   0x00000000000001a8       0xd4 ./Core/Src/main.o
 .debug_frame   0x000000000000027c       0x80 ./Core/Src/stm32f1xx_hal_msp.o
 .debug_frame   0x00000000000002fc      0x13c ./Core/Src/stm32f1xx_it.o
 .debug_frame   0x0000000000000438       0x58 ./Core/Src/system_stm32f1xx.o
 .debug_frame   0x0000000000000490       0xf4 ./Core/Src/timer.o
 .debug_frame   0x0000000000000584      0x334 ./Drivers/STM32F1xx_HAL_Driver/Src/stm32f1xx_hal.o
 .debug_frame   0x00000000000008b8      0x428 ./Drivers/STM32F1xx_HAL_Driver/Src/stm32f1xx_hal_cortex.o
 .debug_frame   0x0000000000000ce0      0x14c ./Drivers/STM32F1xx_HAL_Driver/Src/stm32f1xx_hal_gpio.o
 .debug_frame   0x0000000000000e2c      0x218 ./Drivers/STM32F1xx_HAL_Driver/Src/stm32f1xx_hal_rcc.o
 .debug_frame   0x0000000000001044     0x11b8 ./Drivers/STM32F1xx_HAL_Driver/Src/stm32f1xx_hal_tim.o
 .debug_frame   0x00000000000021fc      0x638 ./Drivers/STM32F1xx_HAL_Driver/Src/stm32f1xx_hal_tim_ex.o
 .debug_frame   0x0000000000002834       0x2c c:/st/stm32cubeide_1.12.1/stm32cubeide/plugins/com.st.stm32cube.ide.mcu.externaltools.gnu-tools-for-stm32.10.3-2021.10.win32_1.0.200.202301161003/tools/bin/../lib/gcc/arm-none-eabi/10.3.1/../../../../arm-none-eabi/lib/thumb/v7-m/nofp\libc_nano.a(lib_a-init.o)
 .debug_frame   0x0000000000002860       0x20 c:/st/stm32cubeide_1.12.1/stm32cubeide/plugins/com.st.stm32cube.ide.mcu.externaltools.gnu-tools-for-stm32.10.3-2021.10.win32_1.0.200.202301161003/tools/bin/../lib/gcc/arm-none-eabi/10.3.1/../../../../arm-none-eabi/lib/thumb/v7-m/nofp\libc_nano.a(lib_a-memset.o)
