16:19:22 **** Incremental Build of configuration Debug for project lab_3 ****
make -j4 all 
arm-none-eabi-gcc "../Core/Src/button.c" -mcpu=cortex-m3 -std=gnu11 -g3 -DDEBUG -DUSE_HAL_DRIVER -DSTM32F103x6 -c -I../Core/Inc -I../Drivers/STM32F1xx_HAL_Driver/Inc/Legacy -I../Drivers/STM32F1xx_HAL_Driver/Inc -I../Drivers/CMSIS/Device/ST/STM32F1xx/Include -I../Drivers/CMSIS/Include -O0 -ffunction-sections -fdata-sections -Wall -fstack-usage -fcyclomatic-complexity -MMD -MP -MF"Core/Src/button.d" -MT"Core/Src/button.o" --specs=nano.specs -mfloat-abi=soft -mthumb -o "Core/Src/button.o"
arm-none-eabi-gcc -o "lab_3.elf" @"objects.list"   -mcpu=cortex-m3 -T"D:\231_semester\Microprocessor\lab_3_demo_2\lab_3\STM32F103C6UX_FLASH.ld" --specs=nosys.specs -Wl,-Map="lab_3.map" -Wl,--gc-sections -static --specs=nano.specs -mfloat-abi=soft -mthumb -Wl,--start-group -lc -lm -Wl,--end-group
Finished building target: lab_3.elf
 
arm-none-eabi-size   lab_3.elf 
arm-none-eabi-objdump -h -S  lab_3.elf  > "lab_3.list"
arm-none-eabi-objcopy  -O ihex  lab_3.elf  "lab_3.hex"
   text	   data	    bss	    dec	    hex	filename
   9508	     56	   1816	  11380	   2c74	lab_3.elf
arm-none-eabi-objcopy  -O binary  lab_3.elf  "lab_3.bin"
Finished building: default.size.stdout
 
Finished building: lab_3.hex
Finished building: lab_3.bin
 
 
Finished building: lab_3.list
 
